Component: ARM Compiler 5.05 update 1 (build 106) Tool: armlink [4d0efa]

==============================================================================

Section Cross References

    system_ac1003.o(.text) refers to uidiv.o(.text) for __aeabi_uidivmod
    system_ac1003.o(.text) refers to system_ac1003.o(.data) for .data
    startup_ac1003.o(RESET) refers to startup_ac1003.o(STACK) for __initial_sp
    startup_ac1003.o(RESET) refers to startup_ac1003.o(.text) for Reset_Handler
    startup_ac1003.o(RESET) refers to ac1003_it.o(.text) for NMI_Handler
    startup_ac1003.o(RESET) refers to test_exti.o(.text) for GPIOA_IRQHandler
    startup_ac1003.o(RESET) refers to test_uart.o(.text) for UART0_IRQHandler
    startup_ac1003.o(RESET) refers to test_i2c_master.o(.text) for I2C_IRQHandler
    startup_ac1003.o(RESET) refers to test_basetime.o(.text) for TIM10_IRQHandler
    startup_ac1003.o(RESET) refers to test_wwdt.o(.text) for WWDG_IRQHandler
    startup_ac1003.o(RESET) refers to test_iwdt .o(.text) for IWDG_IRQHandler
    startup_ac1003.o(RESET) refers to test_adc.o(.text) for ADC_IRQHandler
    startup_ac1003.o(.text) refers to system_ac1003.o(.text) for SystemInit
    startup_ac1003.o(.text) refers to entry.o(.ARM.Collect$$$$00000000) for __main
    ac1003_adc.o(.text) refers to ac1003_rcc.o(.text) for RCC_PeriphResetCmd
    ac1003_advtim.o(.text) refers to ac1003_rcc.o(.text) for RCC_PeriphResetCmd
    ac1003_beeper.o(.text) refers to ac1003_rcc.o(.text) for RCC_PeriphResetCmd
    ac1003_crc.o(.text) refers to ac1003_rcc.o(.text) for RCC_PeriphResetCmd
    ac1003_delay.o(.text) refers to misc.o(.text) for SysTick_CLKSourceConfig
    ac1003_delay.o(.text) refers to uidiv.o(.text) for __aeabi_uidivmod
    ac1003_delay.o(.text) refers to ac1003_delay.o(.data) for .data
    ac1003_gpio.o(.text) refers to ac1003_rcc.o(.text) for RCC_PeriphResetCmd
    ac1003_i2c.o(.text) refers to ac1003_rcc.o(.text) for RCC_PeriphResetCmd
    ac1003_i2c.o(.text) refers to uidiv.o(.text) for __aeabi_uidivmod
    ac1003_it.o(.text) refers to ac1003_it.o(.data) for .data
    ac1003_lpuart.o(.text) refers to ac1003_rcc.o(.text) for RCC_PeriphResetCmd
    ac1003_lpuart.o(.text) refers to dfltui.o(.text) for __aeabi_ui2d
    ac1003_lpuart.o(.text) refers to dmul.o(.text) for __aeabi_dmul
    ac1003_lpuart.o(.text) refers to ddiv.o(.text) for __aeabi_ddiv
    ac1003_lpuart.o(.text) refers to dadd.o(.text) for __aeabi_dadd
    ac1003_lpuart.o(.text) refers to d2f.o(.text) for __aeabi_d2f
    ac1003_lpuart.o(.text) refers to ffixi.o(.text) for __aeabi_f2iz
    ac1003_lpuart.o(.text) refers to system_ac1003.o(.data) for ApbClock
    ac1003_owire.o(.text) refers to uidiv.o(.text) for __aeabi_uidivmod
    ac1003_owire.o(.text) refers to dfltui.o(.text) for __aeabi_ui2d
    ac1003_owire.o(.text) refers to dadd.o(.text) for __aeabi_dadd
    ac1003_owire.o(.text) refers to dfixui.o(.text) for __aeabi_d2uiz
    ac1003_owire.o(.text) refers to system_ac1003.o(.data) for ApbClock
    ac1003_rcc.o(.text) refers to uidiv.o(.text) for __aeabi_uidivmod
    ac1003_rcc.o(.text) refers to system_ac1003.o(.data) for SystemCoreClock
    ac1003_spi.o(.text) refers to ac1003_rcc.o(.text) for RCC_PeriphResetCmd
    ac1003_syscon.o(.text) refers to ac1003_rcc.o(.text) for RCC_PeriphResetCmd
    ac1003_timer.o(.text) refers to ac1003_rcc.o(.text) for RCC_PeriphResetCmd
    ac1003_uart.o(.text) refers to ac1003_rcc.o(.text) for RCC_PeriphResetCmd
    ac1003_uart.o(.text) refers to dfltui.o(.text) for __aeabi_ui2d
    ac1003_uart.o(.text) refers to dmul.o(.text) for __aeabi_dmul
    ac1003_uart.o(.text) refers to ddiv.o(.text) for __aeabi_ddiv
    ac1003_uart.o(.text) refers to dadd.o(.text) for __aeabi_dadd
    ac1003_uart.o(.text) refers to d2f.o(.text) for __aeabi_d2f
    ac1003_uart.o(.text) refers to ffixi.o(.text) for __aeabi_f2iz
    ac1003_uart.o(.text) refers to ac1003_uart.o(.data) for .data
    ac1003_uart.o(.text) refers to system_ac1003.o(.data) for ApbClock
    ac1003_uart.o(.text) refers to ac1003_uart.o(.constdata) for .constdata
    ac1003_wwdt.o(.text) refers to ac1003_rcc.o(.text) for RCC_PeriphResetCmd
    main.o(.text) refers to ac1003_rcc.o(.text) for RCC_SysclkCmd
    main.o(.text) refers to system_ac1003.o(.text) for SystemCoreClockUpdate
    main.o(.text) refers to ac1003_delay.o(.text) for delay_init
    main.o(.text) refers to test_uart.o(.text) for UART1_Config
    main.o(.text) refers to test_i2c_master.o(.text) for I2C_Master_Init
    main.o(.text) refers to test_adc.o(.text) for ADC_Mode_Config
    main.o(.text) refers to test_basetime.o(.text) for BASIC_TIM_Mode_Config
    main.o(.text) refers to config.o(.text) for SystemDataInitByReadFlash
    main.o(.text) refers to test_exti.o(.text) for EXTI_Key_Config
    main.o(.text) refers to mgpio.o(.text) for GPIO_Config
    main.o(.text) refers to kalman.o(.text) for CurrentKalmanFliterInit
    main.o(.text) refers to printfa.o(i.__0printf) for __2printf
[...]
    ../clib/microlib/init/entry.s            0x00000000   Number         0  entry8b.o ABSOLUTE
    ../clib/microlib/init/entry.s            0x00000000   Number         0  entry7a.o ABSOLUTE
    ../clib/microlib/longlong.c              0x00000000   Number         0  llushr.o ABSOLUTE
    ../clib/microlib/longlong.c              0x00000000   Number         0  llshl.o ABSOLUTE
    ../clib/microlib/longlong.c              0x00000000   Number         0  llsshr.o ABSOLUTE
    ../clib/microlib/longlong.c              0x00000000   Number         0  llmul.o ABSOLUTE
    ../clib/microlib/printf/printf.c         0x00000000   Number         0  printf1.o ABSOLUTE
    ../clib/microlib/printf/printf.c         0x00000000   Number         0  printf2.o ABSOLUTE
    ../clib/microlib/printf/printf.c         0x00000000   Number         0  printf3.o ABSOLUTE
    ../clib/microlib/printf/printf.c         0x00000000   Number         0  printf4.o ABSOLUTE
    ../clib/microlib/printf/printf.c         0x00000000   Number         0  printf5.o ABSOLUTE
    ../clib/microlib/printf/printf.c         0x00000000   Number         0  printf6.o ABSOLUTE
    ../clib/microlib/printf/printf.c         0x00000000   Number         0  printf7.o ABSOLUTE
    ../clib/microlib/printf/printf.c         0x00000000   Number         0  printf0.o ABSOLUTE
    ../clib/microlib/printf/printf.c         0x00000000   Number         0  printfa.o ABSOLUTE
    ../clib/microlib/printf/printf.c         0x00000000   Number         0  printf8.o ABSOLUTE
    ../clib/microlib/printf/printf.c         0x00000000   Number         0  printfb.o ABSOLUTE
    ../clib/microlib/printf/stubs.s          0x00000000   Number         0  stubs.o ABSOLUTE
    ../clib/microlib/stdio/streams.c         0x00000000   Number         0  stdout.o ABSOLUTE
    ../clib/microlib/string/memcpy.c         0x00000000   Number         0  memcpyb.o ABSOLUTE
    ../clib/microlib/string/memcpy.c         0x00000000   Number         0  memcpya.o ABSOLUTE
    ../clib/microlib/string/memset.c         0x00000000   Number         0  memseta.o ABSOLUTE
    ../clib/microlib/stubs.s                 0x00000000   Number         0  iusefp.o ABSOLUTE
    ../clib/microlib/time/localtime.c        0x00000000   Number         0  localtime.o ABSOLUTE
    ../fplib/microlib/d2f.c                  0x00000000   Number         0  d2f.o ABSOLUTE
    ../fplib/microlib/f2d.c                  0x00000000   Number         0  f2d.o ABSOLUTE
    ../fplib/microlib/fpadd.c                0x00000000   Number         0  dadd.o ABSOLUTE
    ../fplib/microlib/fpadd.c                0x00000000   Number         0  fadd.o ABSOLUTE
    ../fplib/microlib/fpdiv.c                0x00000000   Number         0  fdiv.o ABSOLUTE
    ../fplib/microlib/fpdiv.c                0x00000000   Number         0  ddiv.o ABSOLUTE
    ../fplib/microlib/fpepilogue.c           0x00000000   Number         0  fepilogue.o ABSOLUTE
    ../fplib/microlib/fpepilogue.c           0x00000000   Number         0  depilogue.o ABSOLUTE
    ../fplib/microlib/fpfix.c                0x00000000   Number         0  dfixul.o ABSOLUTE
    ../fplib/microlib/fpfix.c                0x00000000   Number         0  ffixi.o ABSOLUTE
    ../fplib/microlib/fpfix.c                0x00000000   Number         0  ffixui.o ABSOLUTE
    ../fplib/microlib/fpfix.c                0x00000000   Number         0  dfixi.o ABSOLUTE
    ../fplib/microlib/fpfix.c                0x00000000   Number         0  dfixui.o ABSOLUTE
    ../fplib/microlib/fpflt.c                0x00000000   Number         0  dfltui.o ABSOLUTE
    ../fplib/microlib/fpflt.c                0x00000000   Number         0  fflti.o ABSOLUTE
    ../fplib/microlib/fpflt.c                0x00000000   Number         0  dflti.o ABSOLUTE
    ../fplib/microlib/fpflt.c                0x00000000   Number         0  ffltui.o ABSOLUTE
    ../fplib/microlib/fpmul.c                0x00000000   Number         0  fmul.o ABSOLUTE
    ../fplib/microlib/fpmul.c                0x00000000   Number         0  dmul.o ABSOLUTE
    ../fplib/microlib/fprnd.c                0x00000000   Number         0  drnd.o ABSOLUTE
    ../fplib/microlib/fpscalb.c              0x00000000   Number         0  dscalb.o ABSOLUTE
    ../mathlib/dunder.c                      0x00000000   Number         0  dunder.o ABSOLUTE
    ../mathlib/log.c                         0x00000000   Number         0  log.o ABSOLUTE
    ../mathlib/log.c                         0x00000000   Number         0  log_x.o ABSOLUTE
    ../mathlib/poly.c                        0x00000000   Number         0  poly.o ABSOLUTE
    ../mathlib/qnan.c                        0x00000000   Number         0  qnan.o ABSOLUTE
    ../mathlib/round.c                       0x00000000   Number         0  round.o ABSOLUTE
    ..\DEVICE\Keil\startup_ac1003.s          0x00000000   Number         0  startup_ac1003.o ABSOLUTE
    ..\DEVICE\system_ac1003.c                0x00000000   Number         0  system_ac1003.o ABSOLUTE
    ..\FWLB\src\ac1003_adc.c                 0x00000000   Number         0  ac1003_adc.o ABSOLUTE
    ..\FWLB\src\ac1003_advtim.c              0x00000000   Number         0  ac1003_advtim.o ABSOLUTE
    ..\FWLB\src\ac1003_awk.c                 0x00000000   Number         0  ac1003_awk.o ABSOLUTE
    ..\FWLB\src\ac1003_beeper.c              0x00000000   Number         0  ac1003_beeper.o ABSOLUTE
    ..\FWLB\src\ac1003_clktrim.c             0x00000000   Number         0  ac1003_clktrim.o ABSOLUTE
    ..\FWLB\src\ac1003_crc.c                 0x00000000   Number         0  ac1003_crc.o ABSOLUTE
    ..\FWLB\src\ac1003_debug.c               0x00000000   Number         0  ac1003_debug.o ABSOLUTE
    ..\FWLB\src\ac1003_delay.c               0x00000000   Number         0  ac1003_delay.o ABSOLUTE
    ..\FWLB\src\ac1003_exti.c                0x00000000   Number         0  ac1003_exti.o ABSOLUTE
    ..\FWLB\src\ac1003_flash.c               0x00000000   Number         0  ac1003_flash.o ABSOLUTE
    ..\FWLB\src\ac1003_gpio.c                0x00000000   Number         0  ac1003_gpio.o ABSOLUTE
    ..\FWLB\src\ac1003_i2c.c                 0x00000000   Number         0  ac1003_i2c.o ABSOLUTE
    ..\FWLB\src\ac1003_it.c                  0x00000000   Number         0  ac1003_it.o ABSOLUTE
    ..\FWLB\src\ac1003_iwdt.c                0x00000000   Number         0  ac1003_iwdt.o ABSOLUTE
    ..\FWLB\src\ac1003_lptimer.c             0x00000000   Number         0  ac1003_lptimer.o ABSOLUTE
    ..\FWLB\src\ac1003_lpuart.c              0x00000000   Number         0  ac1003_lpuart.o ABSOLUTE
    ..\FWLB\src\ac1003_lvd.c                 0x00000000   Number         0  ac1003_lvd.o ABSOLUTE
    ..\FWLB\src\ac1003_owire.c               0x00000000   Number         0  ac1003_owire.o ABSOLUTE
    ..\FWLB\src\ac1003_pca.c                 0x00000000   Number         0  ac1003_pca.o ABSOLUTE
    ..\FWLB\src\ac1003_rcc.c                 0x00000000   Number         0  ac1003_rcc.o ABSOLUTE
    ..\FWLB\src\ac1003_rtc.c                 0x00000000   Number         0  ac1003_rtc.o ABSOLUTE
    ..\FWLB\src\ac1003_spi.c                 0x00000000   Number         0  ac1003_spi.o ABSOLUTE
    ..\FWLB\src\ac1003_syscon.c              0x00000000   Number         0  ac1003_syscon.o ABSOLUTE
    ..\FWLB\src\ac1003_timer.c               0x00000000   Number         0  ac1003_timer.o ABSOLUTE
    ..\FWLB\src\ac1003_uart.c                0x00000000   Number         0  ac1003_uart.o ABSOLUTE
    ..\FWLB\src\ac1003_vc.c                  0x00000000   Number         0  ac1003_vc.o ABSOLUTE
    ..\FWLB\src\ac1003_wwdt.c                0x00000000   Number         0  ac1003_wwdt.o ABSOLUTE
    ..\FWLB\src\misc.c                       0x00000000   Number         0  misc.o ABSOLUTE
    ..\SH367309\src\sh367309.c               0x00000000   Number         0  sh367309.o ABSOLUTE
    ..\USER\src\config.c                     0x00000000   Number         0  config.o ABSOLUTE
    ..\USER\src\kalman.c                     0x00000000   Number         0  kalman.o ABSOLUTE
    ..\USER\src\main.c                       0x00000000   Number         0  main.o ABSOLUTE
    ..\USER\src\mgpio.c                      0x00000000   Number         0  mgpio.o ABSOLUTE
    ..\USER\src\sf.c                         0x00000000   Number         0  sf.o ABSOLUTE
    ..\USER\src\test_adc.c                   0x00000000   Number         0  test_adc.o ABSOLUTE
    ..\USER\src\test_basetime.c              0x00000000   Number         0  test_basetime.o ABSOLUTE
    ..\USER\src\test_exti.c                  0x00000000   Number         0  test_exti.o ABSOLUTE
    ..\USER\src\test_flash.c                 0x00000000   Number         0  test_flash.o ABSOLUTE
    ..\USER\src\test_i2c_master.c            0x00000000   Number         0  test_i2c_master.o ABSOLUTE
    ..\USER\src\test_iwdt .c                 0x00000000   Number         0  test_iwdt .o ABSOLUTE
    ..\USER\src\test_uart.c                  0x00000000   Number         0  test_uart.o ABSOLUTE
    ..\USER\src\test_wwdt.c                  0x00000000   Number         0  test_wwdt.o ABSOLUTE
    ..\\DEVICE\\system_ac1003.c              0x00000000   Number         0  system_ac1003.o ABSOLUTE
    ..\\FWLB\\src\\ac1003_adc.c              0x00000000   Number         0  ac1003_adc.o ABSOLUTE
    ..\\FWLB\\src\\ac1003_advtim.c           0x00000000   Number         0  ac1003_advtim.o ABSOLUTE
    ..\\FWLB\\src\\ac1003_awk.c              0x00000000   Number         0  ac1003_awk.o ABSOLUTE
    ..\\FWLB\\src\\ac1003_beeper.c           0x00000000   Number         0  ac1003_beeper.o ABSOLUTE
    ..\\FWLB\\src\\ac1003_clktrim.c          0x00000000   Number         0  ac1003_clktrim.o ABSOLUTE
    ..\\FWLB\\src\\ac1003_crc.c              0x00000000   Number         0  ac1003_crc.o ABSOLUTE
    ..\\FWLB\\src\\ac1003_debug.c            0x00000000   Number         0  ac1003_debug.o ABSOLUTE
    ..\\FWLB\\src\\ac1003_delay.c            0x00000000   Number         0  ac1003_delay.o ABSOLUTE
    ..\\FWLB\\src\\ac1003_exti.c             0x00000000   Number         0  ac1003_exti.o ABSOLUTE
    ..\\FWLB\\src\\ac1003_flash.c            0x00000000   Number         0  ac1003_flash.o ABSOLUTE
    ..\\FWLB\\src\\ac1003_gpio.c             0x00000000   Number         0  ac1003_gpio.o ABSOLUTE
    ..\\FWLB\\src\\ac1003_i2c.c              0x00000000   Number         0  ac1003_i2c.o ABSOLUTE
    ..\\FWLB\\src\\ac1003_it.c               0x00000000   Number         0  ac1003_it.o ABSOLUTE
    ..\\FWLB\\src\\ac1003_iwdt.c             0x00000000   Number         0  ac1003_iwdt.o ABSOLUTE
    ..\\FWLB\\src\\ac1003_lptimer.c          0x00000000   Number         0  ac1003_lptimer.o ABSOLUTE
    ..\\FWLB\\src\\ac1003_lpuart.c           0x00000000   Number         0  ac1003_lpuart.o ABSOLUTE
    ..\\FWLB\\src\\ac1003_lvd.c              0x00000000   Number         0  ac1003_lvd.o ABSOLUTE
    ..\\FWLB\\src\\ac1003_owire.c            0x00000000   Number         0  ac1003_owire.o ABSOLUTE
    ..\\FWLB\\src\\ac1003_pca.c              0x00000000   Number         0  ac1003_pca.o ABSOLUTE
    ..\\FWLB\\src\\ac1003_rcc.c              0x00000000   Number         0  ac1003_rcc.o ABSOLUTE
    ..\\FWLB\\src\\ac1003_rtc.c              0x00000000   Number         0  ac1003_rtc.o ABSOLUTE
    ..\\FWLB\\src\\ac1003_spi.c              0x00000000   Number         0  ac1003_spi.o ABSOLUTE
    ..\\FWLB\\src\\ac1003_syscon.c           0x00000000   Number         0  ac1003_syscon.o ABSOLUTE
    ..\\FWLB\\src\\ac1003_timer.c            0x00000000   Number         0  ac1003_timer.o ABSOLUTE
    ..\\FWLB\\src\\ac1003_uart.c             0x00000000   Number         0  ac1003_uart.o ABSOLUTE
    ..\\FWLB\\src\\ac1003_vc.c               0x00000000   Number         0  ac1003_vc.o ABSOLUTE
    ..\\FWLB\\src\\ac1003_wwdt.c             0x00000000   Number         0  ac1003_wwdt.o ABSOLUTE
    ..\\FWLB\\src\\misc.c                    0x00000000   Number         0  misc.o ABSOLUTE
    ..\\SH367309\\src\\sh367309.c            0x00000000   Number         0  sh367309.o ABSOLUTE
    ..\\USER\\src\\config.c                  0x00000000   Number         0  config.o ABSOLUTE
    ..\\USER\\src\\kalman.c                  0x00000000   Number         0  kalman.o ABSOLUTE
    ..\\USER\\src\\main.c                    0x00000000   Number         0  main.o ABSOLUTE
    ..\\USER\\src\\mgpio.c                   0x00000000   Number         0  mgpio.o ABSOLUTE
    ..\\USER\\src\\sf.c                      0x00000000   Number         0  sf.o ABSOLUTE
    ..\\USER\\src\\test_adc.c                0x00000000   Number         0  test_adc.o ABSOLUTE
    ..\\USER\\src\\test_basetime.c           0x00000000   Number         0  test_basetime.o ABSOLUTE
    ..\\USER\\src\\test_exti.c               0x00000000   Number         0  test_exti.o ABSOLUTE
    ..\\USER\\src\\test_flash.c              0x00000000   Number         0  test_flash.o ABSOLUTE
    ..\\USER\\src\\test_i2c_master.c         0x00000000   Number         0  test_i2c_master.o ABSOLUTE
    ..\\USER\\src\\test_iwdt .c              0x00000000   Number         0  test_iwdt .o ABSOLUTE
    ..\\USER\\src\\test_uart.c               0x00000000   Number         0  test_uart.o ABSOLUTE
    ..\\USER\\src\\test_wwdt.c               0x00000000   Number         0  test_wwdt.o ABSOLUTE
    cdcmple.s                                0x00000000   Number         0  cdcmple.o ABSOLUTE
    cdrcmple.s                               0x00000000   Number         0  cdrcmple.o ABSOLUTE
    dc.s                                     0x00000000   Number         0  dc.o ABSOLUTE
    handlers.s                               0x00000000   Number         0  handlers.o ABSOLUTE
    init.s                                   0x00000000   Number         0  init.o ABSOLUTE
    .ARM.Collect$$$$00000000                 0x000000c0   Section        0  entry.o(.ARM.Collect$$$$00000000)
    .ARM.Collect$$$$00000001                 0x000000c0   Section        4  entry2.o(.ARM.Collect$$$$00000001)
    .ARM.Collect$$$$00000004                 0x000000c4   Section        4  entry5.o(.ARM.Collect$$$$00000004)
    .ARM.Collect$$$$00000008                 0x000000c8   Section        0  entry7b.o(.ARM.Collect$$$$00000008)
    .ARM.Collect$$$$0000000A                 0x000000c8   Section        0  entry8b.o(.ARM.Collect$$$$0000000A)
    .ARM.Collect$$$$0000000B                 0x000000c8   Section        8  entry9a.o(.ARM.Collect$$$$0000000B)
    .ARM.Collect$$$$0000000D                 0x000000d0   Section        0  entry10a.o(.ARM.Collect$$$$0000000D)
    .ARM.Collect$$$$0000000F                 0x000000d0   Section        0  entry11a.o(.ARM.Collect$$$$0000000F)
    .ARM.Collect$$$$00002712                 0x000000d0   Section        4  entry2.o(.ARM.Collect$$$$00002712)
    __lit__00000000                          0x000000d0   Data           4  entry2.o(.ARM.Collect$$$$00002712)
    .text                                    0x000000d4   Section        0  system_ac1003.o(.text)
    .text                                    0x00000220   Section       28  startup_ac1003.o(.text)
    .text                                    0x0000023c   Section        0  ac1003_adc.o(.text)
    .text                                    0x00000454   Section        0  ac1003_delay.o(.text)
    .text                                    0x00000508   Section        0  ac1003_exti.o(.text)
    .text                                    0x0000055c   Section        0  ac1003_flash.o(.text)
    .text                                    0x0000090c   Section        0  ac1003_gpio.o(.text)
    .text                                    0x00000ae4   Section        0  ac1003_i2c.o(.text)
    .text                                    0x00000c24   Section        0  ac1003_it.o(.text)
    .text                                    0x00000c44   Section        0  ac1003_iwdt.o(.text)
    .text                                    0x00000c98   Section        0  ac1003_rcc.o(.text)
    .text                                    0x000010b4   Section        0  ac1003_timer.o(.text)
    .text                                    0x000011c4   Section        0  ac1003_uart.o(.text)
    .text                                    0x000014dc   Section        0  ac1003_wwdt.o(.text)
    .text                                    0x00001560   Section        0  misc.o(.text)
    .text                                    0x000015f8   Section        0  main.o(.text)
    .text                                    0x00001858   Section        0  test_uart.o(.text)
    .text                                    0x00001a60   Section        0  test_i2c_master.o(.text)
    .text                                    0x00001dd8   Section        0  config.o(.text)
    .text                                    0x0000228c   Section        0  kalman.o(.text)
    .text                                    0x000023c4   Section        0  mgpio.o(.text)
    .text                                    0x00002484   Section        0  sf.o(.text)
    .text                                    0x000025d8   Section        0  test_adc.o(.text)
    .text                                    0x00002788   Section        0  test_basetime.o(.text)
    .text                                    0x00002818   Section        0  test_exti.o(.text)
    GPIO_IRQHandler                          0x00002865   Thumb Code   156  test_exti.o(.text)
    .text                                    0x00002950   Section        0  test_flash.o(.text)
    .text                                    0x00002a20   Section        0  test_iwdt .o(.text)
    .text                                    0x00002aac   Section        0  test_wwdt.o(.text)
    .text                                    0x00002b10   Section        0  sh367309.o(.text)
    .text                                    0x00003864   Section        0  uidiv.o(.text)
    .text                                    0x00003890   Section        0  idiv.o(.text)
    .text                                    0x000038b8   Section        0  uldiv.o(.text)
    .text                                    0x00003918   Section        0  llmul.o(.text)
    .text                                    0x00003994   Section        0  localtime.o(.text)
    .text                                    0x00003a0c   Section        0  memcpya.o(.text)
    .text                                    0x00003a30   Section        0  memseta.o(.text)
    .text                                    0x00003a54   Section        0  fadd.o(.text)
    .text                                    0x00003b06   Section        0  fmul.o(.text)
    .text                                    0x00003b80   Section        0  fdiv.o(.text)
    .text                                    0x00003bfc   Section        0  dadd.o(.text)
    .text                                    0x00003d60   Section        0  dmul.o(.text)
    .text                                    0x00003e30   Section        0  ddiv.o(.text)
    .text                                    0x00003f20   Section        0  fflti.o(.text)
    .text                                    0x00003f36   Section        0  ffltui.o(.text)
    .text                                    0x00003f44   Section        0  dflti.o(.text)
    .text                                    0x00003f6c   Section        0  dfltui.o(.text)
    .text                                    0x00003f88   Section        0  ffixi.o(.text)
    .text                                    0x00003fba   Section        0  ffixui.o(.text)
    .text                                    0x00003fe4   Section        0  dfixi.o(.text)
    .text                                    0x0000402c   Section        0  dfixui.o(.text)
    .text                                    0x00004068   Section        0  f2d.o(.text)
    .text                                    0x00004090   Section       40  cdcmple.o(.text)
    .text                                    0x000040b8   Section       40  cdrcmple.o(.text)
    .text                                    0x000040e0   Section        0  d2f.o(.text)
    .text                                    0x00004118   Section        0  llshl.o(.text)
    .text                                    0x00004138   Section        0  llushr.o(.text)
    .text                                    0x0000415a   Section        0  llsshr.o(.text)
    .text                                    0x00004180   Section        0  iusefp.o(.text)
    .text                                    0x00004180   Section        0  fepilogue.o(.text)
    .text                                    0x00004202   Section        0  depilogue.o(.text)
    .text                                    0x000042c0   Section        0  dscalb.o(.text)
    .text                                    0x000042ec   Section        0  drnd.o(.text)
    .text                                    0x00004368   Section        0  dfixul.o(.text)
    .text                                    0x000043a8   Section       36  init.o(.text)
    i.__0printf                              0x000043cc   Section        0  printfa.o(i.__0printf)
    i.__ARM_clz                              0x000043ec   Section        0  depilogue.o(i.__ARM_clz)
    i.__ARM_common_switch8                   0x0000441a   Section        0  sf.o(i.__ARM_common_switch8)
    i.__kernel_poly                          0x00004434   Section        0  poly.o(i.__kernel_poly)
    i.__mathlib_dbl_divzero                  0x000044e0   Section        0  dunder.o(i.__mathlib_dbl_divzero)
    i.__mathlib_dbl_infnan                   0x000044f4   Section        0  dunder.o(i.__mathlib_dbl_infnan)
    i.__mathlib_dbl_invalid                  0x000044fe   Section        0  dunder.o(i.__mathlib_dbl_invalid)
    i.__scatterload_copy                     0x0000450e   Section       14  handlers.o(i.__scatterload_copy)
    i.__scatterload_null                     0x0000451c   Section        2  handlers.o(i.__scatterload_null)
    i.__scatterload_zeroinit                 0x0000451e   Section       14  handlers.o(i.__scatterload_zeroinit)
    i.__set_errno                            0x0000452c   Section        0  errno.o(i.__set_errno)
    i._fp_digits                             0x00004538   Section        0  printfa.o(i._fp_digits)
    _fp_digits                               0x00004539   Thumb Code   316  printfa.o(i._fp_digits)
    i._printf_core                           0x00004690   Section        0  printfa.o(i._printf_core)
    _printf_core                             0x00004691   Thumb Code  1754  printfa.o(i._printf_core)
    i._printf_post_padding                   0x00004d7c   Section        0  printfa.o(i._printf_post_padding)
    _printf_post_padding                     0x00004d7d   Thumb Code    32  printfa.o(i._printf_post_padding)
    i._printf_pre_padding                    0x00004d9c   Section        0  printfa.o(i._printf_pre_padding)
    _printf_pre_padding                      0x00004d9d   Thumb Code    44  printfa.o(i._printf_pre_padding)
    i.log                                    0x00004dc8   Section        0  log.o(i.log)
    i.round                                  0x0000511c   Section        0  round.o(i.round)
    .constdata                               0x000051b8   Section      256  ac1003_uart.o(.constdata)
    ParityTable256                           0x000051b8   Data         256  ac1003_uart.o(.constdata)
    .constdata                               0x000052b8   Section       77  sh367309.o(.constdata)
    .constdata                               0x00005308   Section       56  log.o(.constdata)
    Lg2                                      0x00005308   Data          24  log.o(.constdata)
    Lg                                       0x00005320   Data          32  log.o(.constdata)
    .constdata                               0x00005340   Section       12  localtime.o(.constdata)
    monlen                                   0x00005340   Data          12  localtime.o(.constdata)
    .constdata                               0x00005350   Section        8  qnan.o(.constdata)
    .conststring                             0x00005358   Section       67  config.o(.conststring)
    .data                                    0x20000000   Section       12  system_ac1003.o(.data)
    .data                                    0x2000000c   Section        4  ac1003_delay.o(.data)
    fac_us                                   0x2000000c   Data           1  ac1003_delay.o(.data)
    fac_ms                                   0x2000000e   Data           2  ac1003_delay.o(.data)
    .data                                    0x20000010   Section        4  ac1003_it.o(.data)
    .data                                    0x20000014   Section        4  ac1003_uart.o(.data)
    gParity                                  0x20000014   Data           4  ac1003_uart.o(.data)
    .data                                    0x20000018   Section        3  test_uart.o(.data)
    .data                                    0x2000001c   Section       12  test_i2c_master.o(.data)
    transmit_num                             0x2000001c   Data           1  test_i2c_master.o(.data)
    transmit_num                             0x2000001d   Data           1  test_i2c_master.o(.data)
    .data                                    0x20000028   Section       32  config.o(.data)
    res                                      0x20000028   Data           1  config.o(.data)
    t_mAh                                    0x2000002c   Data           4  config.o(.data)
    t_current                                0x20000030   Data           4  config.o(.data)
    t_old_current                            0x20000034   Data           4  config.o(.data)
    s_timer                                  0x20000040   Data           8  config.o(.data)
    .data                                    0x20000048   Section        6  sf.o(.data)
    allow_send                               0x20000048   Data           1  sf.o(.data)
    timer_init                               0x20000049   Data           1  sf.o(.data)
    step                                     0x2000004a   Data           1  sf.o(.data)
    bit_counter                              0x2000004b   Data           1  sf.o(.data)
    byte_counter                             0x2000004c   Data           1  sf.o(.data)
    byte                                     0x2000004d   Data           1  sf.o(.data)
    .data                                    0x20000050   Section       16  test_adc.o(.data)
    counter                                  0x20000050   Data           1  test_adc.o(.data)
    adcmax                                   0x20000052   Data           2  test_adc.o(.data)
    adcmin                                   0x20000054   Data           2  test_adc.o(.data)
    adcsum                                   0x2000005c   Data           4  test_adc.o(.data)
    .data                                    0x20000060   Section        8  test_basetime.o(.data)
    .data                                    0x20000068   Section        8  test_exti.o(.data)
    .data                                    0x20000070   Section        4  test_iwdt .o(.data)
    .data                                    0x20000074   Section        4  test_wwdt.o(.data)
    .data                                    0x20000078   Section       24  sh367309.o(.data)
    record_counter                           0x2000007e   Data           1  sh367309.o(.data)
    en_bal                                   0x2000007f   Data           1  sh367309.o(.data)
    t_protected_h                            0x20000080   Data           1  sh367309.o(.data)
    counter1                                 0x20000081   Data           1  sh367309.o(.data)
    counter2                                 0x20000082   Data           1  sh367309.o(.data)
    i                                        0x20000083   Data           1  sh367309.o(.data)
    .data                                    0x20000090   Section        4  stdout.o(.data)
    .data                                    0x20000094   Section        4  errno.o(.data)
    _errno                                   0x20000094   Data           4  errno.o(.data)
    .bss                                     0x20000098   Section       26  test_i2c_master.o(.bss)
    .bss                                     0x200000b2   Section       14  config.o(.bss)
    .bss                                     0x200000c0   Section       48  kalman.o(.bss)
    .bss                                     0x200000f0   Section      960  sh367309.o(.bss)
    timer                                    0x20000468   Data          72  sh367309.o(.bss)
    .bss                                     0x200004b0   Section       44  localtime.o(.bss)
    _tms                                     0x200004b0   Data          44  localtime.o(.bss)
    STACK                                    0x200004e0   Section      512  startup_ac1003.o(STACK)

    Global Symbols

    Symbol Name                              Value     Ov Type        Size  Object(Section)

    BuildAttributes$$THM_ISAv3M$S$PE$A:L22$X:L11$S22$IEEE1$IW$USESV6$~STKCKD$USESV7$~SHL$OTIME$ROPI$IEEEX$EBA8$MICROLIB$REQ8$PRES8$EABIv2 0x00000000   Number         0  anon$$obj.o ABSOLUTE
    __ARM_use_no_argv                        0x00000000   Number         0  main.o ABSOLUTE
    __Vectors                                0x00000000   Data           4  startup_ac1003.o(RESET)
    _printf_a                                0x00000000   Number         0  stubs.o ABSOLUTE
    _printf_c                                0x00000000   Number         0  stubs.o ABSOLUTE
    _printf_charcount                        0x00000000   Number         0  stubs.o ABSOLUTE
    _printf_d                                0x00000000   Number         0  stubs.o ABSOLUTE
    _printf_e                                0x00000000   Number         0  stubs.o ABSOLUTE
    _printf_f                                0x00000000   Number         0  stubs.o ABSOLUTE
    _printf_flags                            0x00000000   Number         0  stubs.o ABSOLUTE
    _printf_fp_dec                           0x00000000   Number         0  stubs.o ABSOLUTE
    _printf_fp_hex                           0x00000000   Number         0  stubs.o ABSOLUTE
    _printf_g                                0x00000000   Number         0  stubs.o ABSOLUTE
    _printf_i                                0x00000000   Number         0  stubs.o ABSOLUTE
    _printf_int_dec                          0x00000000   Number         0  stubs.o ABSOLUTE
    _printf_l                                0x00000000   Number         0  stubs.o ABSOLUTE
    _printf_lc                               0x00000000   Number         0  stubs.o ABSOLUTE
    _printf_ll                               0x00000000   Number         0  stubs.o ABSOLUTE
    _printf_lld                              0x00000000   Number         0  stubs.o ABSOLUTE
    _printf_lli                              0x00000000   Number         0  stubs.o ABSOLUTE
    _printf_llo                              0x00000000   Number         0  stubs.o ABSOLUTE
    _printf_llu                              0x00000000   Number         0  stubs.o ABSOLUTE
    _printf_llx                              0x00000000   Number         0  stubs.o ABSOLUTE
    _printf_longlong_dec                     0x00000000   Number         0  stubs.o ABSOLUTE
    _printf_longlong_hex                     0x00000000   Number         0  stubs.o ABSOLUTE
    _printf_longlong_oct                     0x00000000   Number         0  stubs.o ABSOLUTE
    _printf_ls                               0x00000000   Number         0  stubs.o ABSOLUTE
    _printf_mbtowc                           0x00000000   Number         0  stubs.o ABSOLUTE
    _printf_n                                0x00000000   Number         0  stubs.o ABSOLUTE
    _printf_o                                0x00000000   Number         0  stubs.o ABSOLUTE
    _printf_p                                0x00000000   Number         0  stubs.o ABSOLUTE
    _printf_percent                          0x00000000   Number         0  stubs.o ABSOLUTE
    _printf_pre_padding                      0x00000000   Number         0  stubs.o ABSOLUTE
    _printf_return_value                     0x00000000   Number         0  stubs.o ABSOLUTE
    _printf_s                                0x00000000   Number         0  stubs.o ABSOLUTE
    _printf_sizespec                         0x00000000   Number         0  stubs.o ABSOLUTE
    _printf_str                              0x00000000   Number         0  stubs.o ABSOLUTE
    _printf_truncate_signed                  0x00000000   Number         0  stubs.o ABSOLUTE
    _printf_truncate_unsigned                0x00000000   Number         0  stubs.o ABSOLUTE
    _printf_u                                0x00000000   Number         0  stubs.o ABSOLUTE
    _printf_wc                               0x00000000   Number         0  stubs.o ABSOLUTE
    _printf_wctomb                           0x00000000   Number         0  stubs.o ABSOLUTE
    _printf_widthprec                        0x00000000   Number         0  stubs.o ABSOLUTE
    _printf_x                                0x00000000   Number         0  stubs.o ABSOLUTE
    __cpp_initialize__aeabi_                  - Undefined Weak Reference
    __cxa_finalize                            - Undefined Weak Reference
    __decompress                              - Undefined Weak Reference
    _clock_init                               - Undefined Weak Reference
    _microlib_exit                            - Undefined Weak Reference
    __Vectors_End                            0x000000c0   Data           0  startup_ac1003.o(RESET)
    __Vectors_Size                           0x000000c0   Number         0  startup_ac1003.o ABSOLUTE
    __main                                   0x000000c1   Thumb Code     0  entry.o(.ARM.Collect$$$$00000000)
    _main_stk                                0x000000c1   Thumb Code     0  entry2.o(.ARM.Collect$$$$00000001)
    _main_scatterload                        0x000000c5   Thumb Code     0  entry5.o(.ARM.Collect$$$$00000004)
    __main_after_scatterload                 0x000000c9   Thumb Code     0  entry5.o(.ARM.Collect$$$$00000004)
    _main_clock                              0x000000c9   Thumb Code     0  entry7b.o(.ARM.Collect$$$$00000008)
    _main_cpp_init                           0x000000c9   Thumb Code     0  entry8b.o(.ARM.Collect$$$$0000000A)
    _main_init                               0x000000c9   Thumb Code     0  entry9a.o(.ARM.Collect$$$$0000000B)
    __rt_final_cpp                           0x000000d1   Thumb Code     0  entry10a.o(.ARM.Collect$$$$0000000D)
    __rt_final_exit                          0x000000d1   Thumb Code     0  entry11a.o(.ARM.Collect$$$$0000000F)
    SystemInit                               0x000000d5   Thumb Code    36  system_ac1003.o(.text)
    SystemCoreClockUpdate                    0x000000f9   Thumb Code   256  system_ac1003.o(.text)
    Reset_Handler                            0x00000221   Thumb Code     8  startup_ac1003.o(.text)
    AWK_IRQHandler                           0x00000233   Thumb Code     0  startup_ac1003.o(.text)
    CLKTRIM_IRQHandler                       0x00000233   Thumb Code     0  startup_ac1003.o(.text)
    FLASH_IRQHandler                         0x00000233   Thumb Code     0  startup_ac1003.o(.text)
    LPTIM_IRQHandler                         0x00000233   Thumb Code     0  startup_ac1003.o(.text)
    LPUART_IRQHandler                        0x00000233   Thumb Code     0  startup_ac1003.o(.text)
    LVD_IRQHandler                           0x00000233   Thumb Code     0  startup_ac1003.o(.text)
    ONEWIRE_IRQHandler                       0x00000233   Thumb Code     0  startup_ac1003.o(.text)
    PCA_IRQHandler                           0x00000233   Thumb Code     0  startup_ac1003.o(.text)
    RTC_IRQHandler                           0x00000233   Thumb Code     0  startup_ac1003.o(.text)
    SPI_IRQHandler                           0x00000233   Thumb Code     0  startup_ac1003.o(.text)
    TIM11_IRQHandler                         0x00000233   Thumb Code     0  startup_ac1003.o(.text)
    TIM1_IRQHandler                          0x00000233   Thumb Code     0  startup_ac1003.o(.text)
    TIM2_IRQHandler                          0x00000233   Thumb Code     0  startup_ac1003.o(.text)
    VC_IRQHandler                            0x00000233   Thumb Code     0  startup_ac1003.o(.text)
    ADC_DeInit                               0x0000023d   Thumb Code    28  ac1003_adc.o(.text)
    ADC_Init                                 0x00000259   Thumb Code    24  ac1003_adc.o(.text)
    ADC_StructInit                           0x00000271   Thumb Code    10  ac1003_adc.o(.text)
    ADC_CommonInit                           0x0000027b   Thumb Code    38  ac1003_adc.o(.text)
    ADC_CommonStructInit                     0x000002a1   Thumb Code    14  ac1003_adc.o(.text)
    ADC_Cmd                                  0x000002af   Thumb Code    20  ac1003_adc.o(.text)
    ADC_RegularChannelConfig                 0x000002c3   Thumb Code    52  ac1003_adc.o(.text)
    ADC_SoftwareStartConv                    0x000002f7   Thumb Code    10  ac1003_adc.o(.text)
    ADC_GetSoftwareStartConvStatus           0x00000301   Thumb Code    14  ac1003_adc.o(.text)
    ADC_ContinuousModeCmd                    0x0000030f   Thumb Code    20  ac1003_adc.o(.text)
    ADC_ContinuousConverChannelCmd           0x00000323   Thumb Code    16  ac1003_adc.o(.text)
    ADC_ContinuousConverRstCmd               0x00000333   Thumb Code    20  ac1003_adc.o(.text)
    ADC_DisContinuousModeCmd                 0x00000347   Thumb Code    20  ac1003_adc.o(.text)
    ADC_GetConversionValue                   0x0000035b   Thumb Code     6  ac1003_adc.o(.text)
    ADC_GetChannelConversionValue            0x00000361   Thumb Code    92  ac1003_adc.o(.text)
    ADC_SetCompareHtValue                    0x000003bd   Thumb Code     6  ac1003_adc.o(.text)
    ADC_SetCompareLtValue                    0x000003c3   Thumb Code     6  ac1003_adc.o(.text)
    ADC_CompareControlCmd                    0x000003c9   Thumb Code    18  ac1003_adc.o(.text)
    ADC_ExternalTrigInjectedConvConfig       0x000003db   Thumb Code    18  ac1003_adc.o(.text)
    ADC_ITCmd                                0x000003ed   Thumb Code    16  ac1003_adc.o(.text)
    ADC_AccCmd                               0x000003fd   Thumb Code    20  ac1003_adc.o(.text)
    ADC_AccResultClear                       0x00000411   Thumb Code    20  ac1003_adc.o(.text)
    ADC_GetAccResult                         0x00000425   Thumb Code     4  ac1003_adc.o(.text)
    ADC_GetRISFlagStatus                     0x00000429   Thumb Code    14  ac1003_adc.o(.text)
    ADC_GetMISFlagStatus                     0x00000437   Thumb Code    14  ac1003_adc.o(.text)
    ADC_ClearFlag                            0x00000445   Thumb Code     8  ac1003_adc.o(.text)
    delay_init                               0x00000455   Thumb Code    30  ac1003_delay.o(.text)
    delay_us                                 0x00000473   Thumb Code    48  ac1003_delay.o(.text)
    delay_xms                                0x000004a3   Thumb Code    48  ac1003_delay.o(.text)
    delay_ms                                 0x000004d3   Thumb Code    44  ac1003_delay.o(.text)
    GPIO_EXTILineConfig                      0x00000509   Thumb Code    82  ac1003_exti.o(.text)
    FLASH_OPERATION_Unlock                   0x0000055d   Thumb Code   110  ac1003_flash.o(.text)
    FLASH_OPERATION_Lock                     0x000005cb   Thumb Code   106  ac1003_flash.o(.text)
    FLASH_GetStatus                          0x00000635   Thumb Code    14  ac1003_flash.o(.text)
    FLASH_WaitForLastOperation               0x00000643   Thumb Code    26  ac1003_flash.o(.text)
    FLASH_EraseSector                        0x0000065d   Thumb Code    86  ac1003_flash.o(.text)
    FLASH_EraseAllSectors                    0x000006b3   Thumb Code    90  ac1003_flash.o(.text)
    FLASH_ProgramWord                        0x0000070d   Thumb Code    84  ac1003_flash.o(.text)
    FLASH_ProgramHalfWord                    0x00000761   Thumb Code    84  ac1003_flash.o(.text)
    FLASH_ProgramByte                        0x000007b5   Thumb Code    84  ac1003_flash.o(.text)
    FLASH_SWDP_Config                        0x00000809   Thumb Code   164  ac1003_flash.o(.text)
    FLASH_ITConfig                           0x000008ad   Thumb Code    34  ac1003_flash.o(.text)
    FLASH_GetFlagStatus                      0x000008cf   Thumb Code    16  ac1003_flash.o(.text)
    FLASH_ClearFlag                          0x000008df   Thumb Code    24  ac1003_flash.o(.text)
    GPIO_DeInit                              0x0000090d   Thumb Code    70  ac1003_gpio.o(.text)
    GPIO_AFIODeInit                          0x00000953   Thumb Code    28  ac1003_gpio.o(.text)
    GPIO_Init                                0x0000096f   Thumb Code   112  ac1003_gpio.o(.text)
    GPIO_StructInit                          0x000009df   Thumb Code    16  ac1003_gpio.o(.text)
    GPIO_ReadInputDataBit                    0x000009ef   Thumb Code    14  ac1003_gpio.o(.text)
    GPIO_ReadInputData                       0x000009fd   Thumb Code     6  ac1003_gpio.o(.text)
    GPIO_DBSyncCmd                           0x00000a03   Thumb Code    20  ac1003_gpio.o(.text)
    GPIO_DBPinSyncCmd                        0x00000a17   Thumb Code    16  ac1003_gpio.o(.text)
    GPIO_DBClkCmd                            0x00000a27   Thumb Code    18  ac1003_gpio.o(.text)
    GPIO_SetDBClk                            0x00000a39   Thumb Code    16  ac1003_gpio.o(.text)
    GPIO_ReadOutputDataBit                   0x00000a49   Thumb Code    14  ac1003_gpio.o(.text)
    GPIO_ReadOutputData                      0x00000a57   Thumb Code     6  ac1003_gpio.o(.text)
    GPIO_SetBits                             0x00000a5d   Thumb Code     4  ac1003_gpio.o(.text)
    GPIO_ResetBits                           0x00000a61   Thumb Code     4  ac1003_gpio.o(.text)
    GPIO_WriteBit                            0x00000a65   Thumb Code    12  ac1003_gpio.o(.text)
    GPIO_Write                               0x00000a71   Thumb Code     4  ac1003_gpio.o(.text)
    GPIO_PinPuPdCmd                          0x00000a75   Thumb Code    24  ac1003_gpio.o(.text)
    GPIO_PortDRCmd                           0x00000a8d   Thumb Code    20  ac1003_gpio.o(.text)
    GPIO_PinRemapConfig                      0x00000aa1   Thumb Code    20  ac1003_gpio.o(.text)
    GPIO_PinAFConfig                         0x00000ab5   Thumb Code    26  ac1003_gpio.o(.text)
    I2C_DeInit                               0x00000ae5   Thumb Code    26  ac1003_i2c.o(.text)
    I2C_Init                                 0x00000aff   Thumb Code    94  ac1003_i2c.o(.text)
    I2C_StructInit                           0x00000b5d   Thumb Code    20  ac1003_i2c.o(.text)
    I2C_Cmd                                  0x00000b71   Thumb Code    18  ac1003_i2c.o(.text)
    I2C_MasterSendCmd                        0x00000b83   Thumb Code    34  ac1003_i2c.o(.text)
    I2C_GenerateSTART                        0x00000ba5   Thumb Code    18  ac1003_i2c.o(.text)
    I2C_GenerateSTOP                         0x00000bb7   Thumb Code    18  ac1003_i2c.o(.text)
    I2C_AcknowledgeConfig                    0x00000bc9   Thumb Code    18  ac1003_i2c.o(.text)
    I2C_OwnAddressConfig                     0x00000bdb   Thumb Code    16  ac1003_i2c.o(.text)
    I2C_SendData                             0x00000beb   Thumb Code     4  ac1003_i2c.o(.text)
    I2C_ReceiveData                          0x00000bef   Thumb Code     6  ac1003_i2c.o(.text)
    I2C_Send7bitAddress                      0x00000bf5   Thumb Code    18  ac1003_i2c.o(.text)
    I2C_ITConfig                             0x00000c07   Thumb Code    18  ac1003_i2c.o(.text)
    NMI_Handler                              0x00000c25   Thumb Code     2  ac1003_it.o(.text)
    HardFault_Handler                        0x00000c27   Thumb Code     2  ac1003_it.o(.text)
    MemManage_Handler                        0x00000c29   Thumb Code     2  ac1003_it.o(.text)
    BusFault_Handler                         0x00000c2b   Thumb Code     2  ac1003_it.o(.text)
    UsageFault_Handler                       0x00000c2d   Thumb Code     2  ac1003_it.o(.text)
    SVC_Handler                              0x00000c2f   Thumb Code     2  ac1003_it.o(.text)
    DebugMon_Handler                         0x00000c31   Thumb Code     2  ac1003_it.o(.text)
    PendSV_Handler                           0x00000c33   Thumb Code     2  ac1003_it.o(.text)
    SysTick_Handler                          0x00000c35   Thumb Code    12  ac1003_it.o(.text)
    IWDG_WriteAccessCmd                      0x00000c45   Thumb Code     4  ac1003_iwdt.o(.text)
    IWDG_SetReload                           0x00000c49   Thumb Code     4  ac1003_iwdt.o(.text)
    IWDG_SetWdtMode                          0x00000c4d   Thumb Code    20  ac1003_iwdt.o(.text)
    IWDG_GetReload                           0x00000c61   Thumb Code     4  ac1003_iwdt.o(.text)
    IWDG_ReloadCR                            0x00000c65   Thumb Code     6  ac1003_iwdt.o(.text)
    IWDG_Cmd                                 0x00000c6b   Thumb Code     6  ac1003_iwdt.o(.text)
    IWDG_GetFlagStatus                       0x00000c71   Thumb Code    14  ac1003_iwdt.o(.text)
    IWDG_WdtITShieldCmd                      0x00000c7f   Thumb Code    18  ac1003_iwdt.o(.text)
    IWDG_WdtITClear                          0x00000c91   Thumb Code     6  ac1003_iwdt.o(.text)
    RCC_DeInit                               0x00000c99   Thumb Code    20  ac1003_rcc.o(.text)
    RCC_HIRCTrim                             0x00000cad   Thumb Code    92  ac1003_rcc.o(.text)
    RCC_LIRCTrim                             0x00000d09   Thumb Code    68  ac1003_rcc.o(.text)
    RCC_SetHXTDrive                          0x00000d4d   Thumb Code    26  ac1003_rcc.o(.text)
    RCC_SetLXTDrive                          0x00000d67   Thumb Code    26  ac1003_rcc.o(.text)
    RCC_WaitForHIRCStable                    0x00000d81   Thumb Code    44  ac1003_rcc.o(.text)
    RCC_WaitForHXTStable                     0x00000dad   Thumb Code    70  ac1003_rcc.o(.text)
    RCC_WaitForLIRCStable                    0x00000df3   Thumb Code    72  ac1003_rcc.o(.text)
    RCC_WaitForLXTStable                     0x00000e3b   Thumb Code    56  ac1003_rcc.o(.text)
    RCC_LXTCmd                               0x00000e73   Thumb Code    50  ac1003_rcc.o(.text)
    RCC_SetX32KPort                          0x00000ea5   Thumb Code    36  ac1003_rcc.o(.text)
    RCC_SetM0IRQLatency                      0x00000ec9   Thumb Code    12  ac1003_rcc.o(.text)
    RCC_SystemTickTimerConfig                0x00000ed5   Thumb Code    24  ac1003_rcc.o(.text)
    RCC_SetSystemTickTimerCoreRefClockcmd    0x00000eed   Thumb Code    26  ac1003_rcc.o(.text)
    RCC_SysclkCmd                            0x00000f07   Thumb Code    88  ac1003_rcc.o(.text)
    RCC_SelSysClk                            0x00000f5f   Thumb Code    16  ac1003_rcc.o(.text)
    RCC_SysclkOutputConfig                   0x00000f6f   Thumb Code    14  ac1003_rcc.o(.text)
    RCC_SysclkOutputCmd                      0x00000f7d   Thumb Code    20  ac1003_rcc.o(.text)
    RCC_SysclkFclkDiv                        0x00000f91   Thumb Code    12  ac1003_rcc.o(.text)
    RCC_GetSysclkSource                      0x00000f9d   Thumb Code     8  ac1003_rcc.o(.text)
    RCC_SetHclkDiv                           0x00000fa5   Thumb Code    24  ac1003_rcc.o(.text)
    RCC_SetPclkDiv                           0x00000fbd   Thumb Code    24  ac1003_rcc.o(.text)
    RCC_AHBPeriphClockCmd                    0x00000fd5   Thumb Code    16  ac1003_rcc.o(.text)
    RCC_APBPeriphClockCmd                    0x00000fe5   Thumb Code    16  ac1003_rcc.o(.text)
    RCC_PeriphResetCmd                       0x00000ff5   Thumb Code    26  ac1003_rcc.o(.text)
    RCC_RTCResetCmd                          0x0000100f   Thumb Code    26  ac1003_rcc.o(.text)
    RCC_ResetCmd                             0x00001029   Thumb Code    32  ac1003_rcc.o(.text)
    RCC_GetFlagStatus                        0x00001049   Thumb Code    14  ac1003_rcc.o(.text)
    RCC_SetIoMux                             0x00001057   Thumb Code    16  ac1003_rcc.o(.text)
    RCC_GetHCLKFreq                          0x00001067   Thumb Code     6  ac1003_rcc.o(.text)
    RCC_GetPCLKFreq                          0x0000106d   Thumb Code    72  ac1003_rcc.o(.text)
    TIM_DeInit                               0x000010b5   Thumb Code    26  ac1003_timer.o(.text)
    TIM_TimeBaseInit                         0x000010cf   Thumb Code    40  ac1003_timer.o(.text)
    TIM_StructInit                           0x000010f7   Thumb Code    30  ac1003_timer.o(.text)
    TIM_Cmd                                  0x00001115   Thumb Code    18  ac1003_timer.o(.text)
    TIM_TogCmd                               0x00001127   Thumb Code    20  ac1003_timer.o(.text)
    TIM_ITConfig                             0x0000113b   Thumb Code    18  ac1003_timer.o(.text)
    TIM_CounterModeConfig                    0x0000114d   Thumb Code    18  ac1003_timer.o(.text)
    TIM_SelectGatePolarity                   0x0000115f   Thumb Code    20  ac1003_timer.o(.text)
    TIM_SetClockDivision                     0x00001173   Thumb Code    16  ac1003_timer.o(.text)
    TIM_GetPrescaler                         0x00001183   Thumb Code     8  ac1003_timer.o(.text)
    TIM_SetTimerLoadRegister                 0x0000118b   Thumb Code     6  ac1003_timer.o(.text)
    TIM_GetTimerLoadRegister                 0x00001191   Thumb Code     4  ac1003_timer.o(.text)
    TIM_SetCountRegister                     0x00001195   Thumb Code     4  ac1003_timer.o(.text)
    TIM_GetCountRegister                     0x00001199   Thumb Code     4  ac1003_timer.o(.text)
    TIM_GetITSourceFlagStatus                0x0000119d   Thumb Code    14  ac1003_timer.o(.text)
    TIM_GetITShieldFlagStatus                0x000011ab   Thumb Code    14  ac1003_timer.o(.text)
    TIM_ClearITFlag                          0x000011b9   Thumb Code     8  ac1003_timer.o(.text)
    UART_DeInit                              0x000011c5   Thumb Code    56  ac1003_uart.o(.text)
    UART_Init                                0x000011fd   Thumb Code   318  ac1003_uart.o(.text)
    UART_StructInit                          0x0000133b   Thumb Code    18  ac1003_uart.o(.text)
    UART_Cmd                                 0x0000134d   Thumb Code    34  ac1003_uart.o(.text)
    UART_ITConfig                            0x0000136f   Thumb Code    16  ac1003_uart.o(.text)
    UART_SetAddress                          0x0000137f   Thumb Code    32  ac1003_uart.o(.text)
    UART_ReciveCmd                           0x0000139f   Thumb Code    50  ac1003_uart.o(.text)
    UART_SendData                            0x000013d1   Thumb Code     4  ac1003_uart.o(.text)
    UART_ReceiveData                         0x000013d5   Thumb Code     6  ac1003_uart.o(.text)
    UART_TB8Cmd                              0x000013db   Thumb Code    18  ac1003_uart.o(.text)
    UART_RB8Cmd                              0x000013ed   Thumb Code    18  ac1003_uart.o(.text)
    UART_IrDAConfig                          0x000013ff   Thumb Code    20  ac1003_uart.o(.text)
    UART_IrDACmd                             0x00001413   Thumb Code    24  ac1003_uart.o(.text)
    UART_GetITStatus                         0x0000142b   Thumb Code    14  ac1003_uart.o(.text)
    UART_ClearITBit                          0x00001439   Thumb Code     4  ac1003_uart.o(.text)
    UART_SendData_WithParity                 0x0000143d   Thumb Code    52  ac1003_uart.o(.text)
    UART_ReceiveData_WithParity              0x00001471   Thumb Code    68  ac1003_uart.o(.text)
    WWDG_DeInit                              0x000014dd   Thumb Code    28  ac1003_wwdt.o(.text)
    WWDG_SetPrescaler                        0x000014f9   Thumb Code    14  ac1003_wwdt.o(.text)
    WWDG_SetWindowValue                      0x00001507   Thumb Code    16  ac1003_wwdt.o(.text)
    WWDG_ITCmd                               0x00001517   Thumb Code    20  ac1003_wwdt.o(.text)
    WWDG_SetRldCnt                           0x0000152b   Thumb Code     4  ac1003_wwdt.o(.text)
    WWDG_Cmd                                 0x0000152f   Thumb Code    20  ac1003_wwdt.o(.text)
    WWDG_GetFlagStatus                       0x00001543   Thumb Code    14  ac1003_wwdt.o(.text)
    WWDG_ClearFlag                           0x00001551   Thumb Code     6  ac1003_wwdt.o(.text)
    NVIC_PriorityGroupConfig                 0x00001561   Thumb Code    10  misc.o(.text)
    NVIC_Init                                0x0000156b   Thumb Code    80  misc.o(.text)
    NVIC_SetVectorTable                      0x000015bb   Thumb Code     2  misc.o(.text)
    NVIC_SystemLPConfig                      0x000015bd   Thumb Code    18  misc.o(.text)
    SysTick_CLKSourceConfig                  0x000015cf   Thumb Code    20  misc.o(.text)
    Delay                                    0x000015f9   Thumb Code    16  main.o(.text)
    main                                     0x00001609   Thumb Code   462  main.o(.text)
    SystemReset                              0x000017d7   Thumb Code    14  main.o(.text)
    GetStandardTime                          0x000017e5   Thumb Code    66  main.o(.text)
    UART1_Config                             0x00001859   Thumb Code   148  test_uart.o(.text)
    UART0_Config                             0x000018ed   Thumb Code   144  test_uart.o(.text)
    Uart_SendByte                            0x0000197d   Thumb Code    20  test_uart.o(.text)
    Uart_SendString                          0x00001991   Thumb Code    28  test_uart.o(.text)
    fputc                                    0x000019ad   Thumb Code    28  test_uart.o(.text)
    fgetc                                    0x000019c9   Thumb Code    22  test_uart.o(.text)
    UART1_IRQHandler                         0x000019df   Thumb Code    54  test_uart.o(.text)
    UART0_IRQHandler                         0x00001a15   Thumb Code    56  test_uart.o(.text)
    delay                                    0x00001a61   Thumb Code    16  test_i2c_master.o(.text)
    I2C_Master_Init                          0x00001a71   Thumb Code   130  test_i2c_master.o(.text)
    I2C_Master_Receive                       0x00001af3   Thumb Code    58  test_i2c_master.o(.text)
    I2C_Master_SendByte                      0x00001b2d   Thumb Code    42  test_i2c_master.o(.text)
    I2C_Master_Transmit                      0x00001b57   Thumb Code    56  test_i2c_master.o(.text)
    I2C_IRQHandler_MasterSend                0x00001b8f   Thumb Code   146  test_i2c_master.o(.text)
    I2C_IRQHandler_MasterRecive              0x00001c21   Thumb Code   378  test_i2c_master.o(.text)
    I2C_IRQHandler                           0x00001d9b   Thumb Code    42  test_i2c_master.o(.text)
    GetNowSOH                                0x00001dd9   Thumb Code     6  config.o(.text)
    GetNowSOC                                0x00001ddf   Thumb Code    22  config.o(.text)
    IsChargeStatus                           0x00001df5   Thumb Code    24  config.o(.text)
    OnePercentCap                            0x00001e0d   Thumb Code   354  config.o(.text)
    RecordCycleTimes                         0x00001f6f   Thumb Code    30  config.o(.text)
    SocAdjustByVoltage                       0x00001f8d   Thumb Code    42  config.o(.text)
    SocKalmanManage                          0x00001fb7   Thumb Code    28  config.o(.text)
    mAhIntegral                              0x00001fd3   Thumb Code    54  config.o(.text)
    SocDecayDueToTemperature                 0x00002009   Thumb Code    72  config.o(.text)
    CalNowSOH                                0x00002051   Thumb Code   116  config.o(.text)
    WriteEEPROMCheck                         0x000020c5   Thumb Code    44  config.o(.text)
    SystemDataInitByReadFlash                0x000020f1   Thumb Code    82  config.o(.text)
    AdjSocByStaticVoltage                    0x00002143   Thumb Code   218  config.o(.text)
    UpdatePackStatus                         0x0000221d   Thumb Code    22  config.o(.text)
    Send                                     0x00002233   Thumb Code    12  config.o(.text)
    PRINT                                    0x0000223f   Thumb Code    58  config.o(.text)
    kalman_filter_init                       0x0000228d   Thumb Code    18  kalman.o(.text)
    kalman_filter_predict                    0x0000229f   Thumb Code    40  kalman.o(.text)
    kalman_filter_update                     0x000022c7   Thumb Code   100  kalman.o(.text)
    kalman_filter_x_update                   0x0000232b   Thumb Code     4  kalman.o(.text)
    KalmanFliter                             0x0000232f   Thumb Code    22  kalman.o(.text)
    CurrentKalmanFliterInit                  0x00002345   Thumb Code    12  kalman.o(.text)
    SocKalmanFliterInit                      0x00002351   Thumb Code    14  kalman.o(.text)
    CurrentKalmanFliter                      0x0000235f   Thumb Code     6  kalman.o(.text)
    SocKalmanFliter                          0x00002365   Thumb Code     8  kalman.o(.text)
    GetPositiveRvalue                        0x0000236d   Thumb Code    10  kalman.o(.text)
    GetNegativeRvalue                        0x00002377   Thumb Code    14  kalman.o(.text)
    Kalman_Test                              0x00002385   Thumb Code    52  kalman.o(.text)
    GPIO_Config                              0x000023c5   Thumb Code   132  mgpio.o(.text)
    IsEcuEnter                               0x00002449   Thumb Code    18  mgpio.o(.text)
    SetVProStatus                            0x0000245b   Thumb Code    28  mgpio.o(.text)
    SendHighBit                              0x00002485   Thumb Code    28  sf.o(.text)
    SendHandle                               0x000024a1   Thumb Code   292  sf.o(.text)
    IsSendAllowed                            0x000025c5   Thumb Code     6  sf.o(.text)
    SetSendAllowedStatus                     0x000025cb   Thumb Code     6  sf.o(.text)
    ADC_Mode_Config                          0x000025d9   Thumb Code    86  test_adc.o(.text)
    ADC_NVIC_Config                          0x0000262f   Thumb Code    22  test_adc.o(.text)
    ADC_IRQHandler                           0x00002645   Thumb Code   206  test_adc.o(.text)
    AdcForTemperature                        0x00002713   Thumb Code   100  test_adc.o(.text)
    BASIC_TIM_Mode_Config                    0x00002789   Thumb Code    78  test_basetime.o(.text)
    TIM10_IRQHandler                         0x000027d7   Thumb Code    28  test_basetime.o(.text)
    GetTick                                  0x000027f3   Thumb Code     6  test_basetime.o(.text)
    SetTick                                  0x000027f9   Thumb Code    18  test_basetime.o(.text)
    EXTI_Key_Config                          0x00002819   Thumb Code    76  test_exti.o(.text)
    GPIOA_IRQHandler                         0x00002901   Thumb Code    10  test_exti.o(.text)
    GPIOB_IRQHandler                         0x0000290b   Thumb Code    10  test_exti.o(.text)
    GPIOC_IRQHandler                         0x00002915   Thumb Code    10  test_exti.o(.text)
    GPIOD_IRQHandler                         0x0000291f   Thumb Code    10  test_exti.o(.text)
    Enter_DeepSleep                          0x00002929   Thumb Code    14  test_exti.o(.text)
    Error_Handler                            0x00002951   Thumb Code     2  test_flash.o(.text)
    WriteToFlash                             0x00002953   Thumb Code   118  test_flash.o(.text)
    ReadFromFlash                            0x000029c9   Thumb Code    22  test_flash.o(.text)
    GetMcuUid                                0x000029df   Thumb Code    32  test_flash.o(.text)
    IWDG_Config                              0x00002a21   Thumb Code    76  test_iwdt .o(.text)
    IWDG_Feed                                0x00002a6d   Thumb Code    10  test_iwdt .o(.text)
    IWDG_IRQHandler                          0x00002a77   Thumb Code    40  test_iwdt .o(.text)
    WWDG_Config                              0x00002aad   Thumb Code    54  test_wwdt.o(.text)
    WWDG_Feed                                0x00002ae3   Thumb Code    12  test_wwdt.o(.text)
    WWDG_IRQHandler                          0x00002aef   Thumb Code    20  test_wwdt.o(.text)
    Assert                                   0x00002b11   Thumb Code     8  sh367309.o(.text)
    crc8                                     0x00002b19   Thumb Code    58  sh367309.o(.text)
    SetRegister                              0x00002b53   Thumb Code   110  sh367309.o(.text)
    Mos                                      0x00002bc1   Thumb Code    60  sh367309.o(.text)
    Rt2Temperature                           0x00002bfd   Thumb Code    66  sh367309.o(.text)
    GetMcuTemperature                        0x00002c3f   Thumb Code    54  sh367309.o(.text)
    MosTempProtectedCheck                    0x00002c75   Thumb Code    94  sh367309.o(.text)
    SetEnBalStatus                           0x00002cd3   Thumb Code     8  sh367309.o(.text)
    GetEnBalStatus                           0x00002cdb   Thumb Code     8  sh367309.o(.text)
    BalanceManage                            0x00002ce3   Thumb Code   178  sh367309.o(.text)
    EnableExternalBalance                    0x00002d95   Thumb Code    76  sh367309.o(.text)
    GetTemperatureRref                       0x00002de1   Thumb Code    56  sh367309.o(.text)
    v_switch                                 0x00002e19   Thumb Code    40  sh367309.o(.text)
    Endian2Bytes                             0x00002e41   Thumb Code    36  sh367309.o(.text)
    IsDataAllRight                           0x00002e65   Thumb Code    24  sh367309.o(.text)
    GetAllSingleVoltage                      0x00002e7d   Thumb Code    70  sh367309.o(.text)
    c0_switch                                0x00002ec3   Thumb Code    80  sh367309.o(.text)
    GetCurrentParameters                     0x00002f13   Thumb Code    60  sh367309.o(.text)
    t_switch                                 0x00002f4f   Thumb Code    78  sh367309.o(.text)
    GetTemperatureParameters                 0x00002f9d   Thumb Code   270  sh367309.o(.text)
    GetCellStatus                            0x000030ab   Thumb Code    50  sh367309.o(.text)
    GetConfStatus                            0x000030dd   Thumb Code    36  sh367309.o(.text)
    ClrStatusRegister                        0x00003101   Thumb Code    84  sh367309.o(.text)
    c1_switch                                0x00003155   Thumb Code    26  sh367309.o(.text)
    DescendingOrderSort                      0x0000316f   Thumb Code    92  sh367309.o(.text)
    GetLimitedSingleVoltage                  0x000031cb   Thumb Code    74  sh367309.o(.text)
    GetPackProtectedStatus                   0x00003215   Thumb Code    70  sh367309.o(.text)
    RecordProtectedStatus                    0x0000325b   Thumb Code   710  sh367309.o(.text)
    TimeOut                                  0x00003521   Thumb Code    90  sh367309.o(.text)
    AnalysisAndPrintErrCode                  0x0000357b   Thumb Code   168  sh367309.o(.text)
    __aeabi_uidiv                            0x00003865   Thumb Code     0  uidiv.o(.text)
    __aeabi_uidivmod                         0x00003865   Thumb Code    44  uidiv.o(.text)
    __aeabi_idiv                             0x00003891   Thumb Code     0  idiv.o(.text)
    __aeabi_idivmod                          0x00003891   Thumb Code    40  idiv.o(.text)
    __aeabi_uldivmod                         0x000038b9   Thumb Code    96  uldiv.o(.text)
    __aeabi_lmul                             0x00003919   Thumb Code   122  llmul.o(.text)
    _ll_mul                                  0x00003919   Thumb Code     0  llmul.o(.text)
    localtime                                0x00003995   Thumb Code   104  localtime.o(.text)
    __aeabi_memcpy                           0x00003a0d   Thumb Code    36  memcpya.o(.text)
    __aeabi_memcpy4                          0x00003a0d   Thumb Code     0  memcpya.o(.text)
    __aeabi_memcpy8                          0x00003a0d   Thumb Code     0  memcpya.o(.text)
    __aeabi_memset                           0x00003a31   Thumb Code    14  memseta.o(.text)
    __aeabi_memset4                          0x00003a31   Thumb Code     0  memseta.o(.text)
    __aeabi_memset8                          0x00003a31   Thumb Code     0  memseta.o(.text)
    __aeabi_memclr                           0x00003a3f   Thumb Code     4  memseta.o(.text)
    __aeabi_memclr4                          0x00003a3f   Thumb Code     0  memseta.o(.text)
    __aeabi_memclr8                          0x00003a3f   Thumb Code     0  memseta.o(.text)
    _memset$wrapper                          0x00003a43   Thumb Code    18  memseta.o(.text)
    __aeabi_fadd                             0x00003a55   Thumb Code   162  fadd.o(.text)
    __aeabi_fsub                             0x00003af7   Thumb Code     8  fadd.o(.text)
    __aeabi_frsub                            0x00003aff   Thumb Code     8  fadd.o(.text)
    __aeabi_fmul                             0x00003b07   Thumb Code   122  fmul.o(.text)
    __aeabi_fdiv                             0x00003b81   Thumb Code   124  fdiv.o(.text)
    __aeabi_dadd                             0x00003bfd   Thumb Code   328  dadd.o(.text)
    __aeabi_dsub                             0x00003d45   Thumb Code    12  dadd.o(.text)
    __aeabi_drsub                            0x00003d51   Thumb Code    12  dadd.o(.text)
    __aeabi_dmul                             0x00003d61   Thumb Code   202  dmul.o(.text)
    __aeabi_ddiv                             0x00003e31   Thumb Code   234  ddiv.o(.text)
    __aeabi_i2f                              0x00003f21   Thumb Code    22  fflti.o(.text)
    __aeabi_ui2f                             0x00003f37   Thumb Code    14  ffltui.o(.text)
    __aeabi_i2d                              0x00003f45   Thumb Code    34  dflti.o(.text)
    __aeabi_ui2d                             0x00003f6d   Thumb Code    24  dfltui.o(.text)
    __aeabi_f2iz                             0x00003f89   Thumb Code    50  ffixi.o(.text)
    __aeabi_f2uiz                            0x00003fbb   Thumb Code    40  ffixui.o(.text)
    __aeabi_d2iz                             0x00003fe5   Thumb Code    62  dfixi.o(.text)
    __aeabi_d2uiz                            0x0000402d   Thumb Code    50  dfixui.o(.text)
    __aeabi_f2d                              0x00004069   Thumb Code    40  f2d.o(.text)
    __aeabi_cdcmpeq                          0x00004091   Thumb Code     0  cdcmple.o(.text)
    __aeabi_cdcmple                          0x00004091   Thumb Code    38  cdcmple.o(.text)
    __aeabi_cdrcmple                         0x000040b9   Thumb Code    38  cdrcmple.o(.text)
    __aeabi_d2f                              0x000040e1   Thumb Code    56  d2f.o(.text)
    __aeabi_llsl                             0x00004119   Thumb Code    32  llshl.o(.text)
    _ll_shift_l                              0x00004119   Thumb Code     0  llshl.o(.text)
    __aeabi_llsr                             0x00004139   Thumb Code    34  llushr.o(.text)
    _ll_ushift_r                             0x00004139   Thumb Code     0  llushr.o(.text)
    __aeabi_lasr                             0x0000415b   Thumb Code    38  llsshr.o(.text)
    _ll_sshift_r                             0x0000415b   Thumb Code     0  llsshr.o(.text)
    __I$use$fp                               0x00004181   Thumb Code     0  iusefp.o(.text)
    _float_round                             0x00004181   Thumb Code    16  fepilogue.o(.text)
    _float_epilogue                          0x00004191   Thumb Code   114  fepilogue.o(.text)
    _double_round                            0x00004203   Thumb Code    26  depilogue.o(.text)
    _double_epilogue                         0x0000421d   Thumb Code   164  depilogue.o(.text)
    __ARM_scalbn                             0x000042c1   Thumb Code    44  dscalb.o(.text)
    scalbn                                   0x000042c1   Thumb Code     0  dscalb.o(.text)
    _drnd                                    0x000042ed   Thumb Code   114  drnd.o(.text)
    __aeabi_d2ulz                            0x00004369   Thumb Code    54  dfixul.o(.text)
    __scatterload                            0x000043a9   Thumb Code    28  init.o(.text)
    __scatterload_rt2                        0x000043a9   Thumb Code     0  init.o(.text)
    __0printf                                0x000043cd   Thumb Code    24  printfa.o(i.__0printf)
    __1printf                                0x000043cd   Thumb Code     0  printfa.o(i.__0printf)
    __2printf                                0x000043cd   Thumb Code     0  printfa.o(i.__0printf)
    __c89printf                              0x000043cd   Thumb Code     0  printfa.o(i.__0printf)
    printf                                   0x000043cd   Thumb Code     0  printfa.o(i.__0printf)
    __ARM_clz                                0x000043ed   Thumb Code    46  depilogue.o(i.__ARM_clz)
    __ARM_common_switch8                     0x0000441b   Thumb Code    26  sf.o(i.__ARM_common_switch8)
    __kernel_poly                            0x00004435   Thumb Code   172  poly.o(i.__kernel_poly)
    __mathlib_dbl_divzero                    0x000044e1   Thumb Code    16  dunder.o(i.__mathlib_dbl_divzero)
    __mathlib_dbl_infnan                     0x000044f5   Thumb Code    10  dunder.o(i.__mathlib_dbl_infnan)
    __mathlib_dbl_invalid                    0x000044ff   Thumb Code    16  dunder.o(i.__mathlib_dbl_invalid)
    __scatterload_copy                       0x0000450f   Thumb Code    14  handlers.o(i.__scatterload_copy)
    __scatterload_null                       0x0000451d   Thumb Code     2  handlers.o(i.__scatterload_null)
    __scatterload_zeroinit                   0x0000451f   Thumb Code    14  handlers.o(i.__scatterload_zeroinit)
    __set_errno                              0x0000452d   Thumb Code     6  errno.o(i.__set_errno)
    log                                      0x00004dc9   Thumb Code   790  log.o(i.log)
    round                                    0x0000511d   Thumb Code   142  round.o(i.round)
    __mathlib_zero                           0x00005350   Data           8  qnan.o(.constdata)
    Region$$Table$$Base                      0x0000539c   Number         0  anon$$obj.o(Region$$Table)
    Region$$Table$$Limit                     0x000053bc   Number         0  anon$$obj.o(Region$$Table)
    SystemCoreClock                          0x20000000   Data           4  system_ac1003.o(.data)
    AhbClock                                 0x20000004   Data           4  system_ac1003.o(.data)
    ApbClock                                 0x20000008   Data           4  system_ac1003.o(.data)
    SysTick_Callback                         0x20000010   Data           4  ac1003_it.o(.data)
    gRXFlagState                             0x20000018   Data           1  test_uart.o(.data)
    gTXFlagState                             0x20000019   Data           1  test_uart.o(.data)
    UART_RX_BUF                              0x2000001a   Data           1  test_uart.o(.data)
    I2C_SEND_START                           0x2000001e   Data           1  test_i2c_master.o(.data)
    I2C_REVCIVE_START                        0x2000001f   Data           1  test_i2c_master.o(.data)
    I2C_REVCIVE_END                          0x20000020   Data           1  test_i2c_master.o(.data)
    I2C_SEND_NUM                             0x20000021   Data           1  test_i2c_master.o(.data)
    g_rdata                                  0x20000024   Data           4  test_i2c_master.o(.data)
    sif_para                                 0x20000038   Data           6  config.o(.data)
    ADC_FLAG                                 0x20000058   Data           4  test_adc.o(.data)
    BASIC_TIMFLag                            0x20000060   Data           8  test_basetime.o(.data)
    EXTI_IT_FLAG                             0x20000068   Data           1  test_exti.o(.data)
    WAKEUP_STATS                             0x2000006c   Data           4  test_exti.o(.data)
    IWDG_FLAG                                0x20000070   Data           4  test_iwdt .o(.data)
    WWDG_FLAG                                0x20000074   Data           4  test_wwdt.o(.data)
    status1                                  0x20000078   Data           1  sh367309.o(.data)
    status2                                  0x20000079   Data           1  sh367309.o(.data)
    status3                                  0x2000007a   Data           1  sh367309.o(.data)
    ctrl_conf                                0x2000007b   Data           1  sh367309.o(.data)
    m_bflag1                                 0x2000007c   Data           1  sh367309.o(.data)
    m_bflag2                                 0x2000007d   Data           1  sh367309.o(.data)
    curr0_                                   0x20000084   Data           4  sh367309.o(.data)
    temp_                                    0x20000088   Data           8  sh367309.o(.data)
    __stdout                                 0x20000090   Data           4  stdout.o(.data)
    I2C_buffer                               0x20000098   Data          16  test_i2c_master.o(.bss)
    I2C_EveStruct                            0x200000a8   Data          10  test_i2c_master.o(.bss)
    calculate_u16                            0x200000b2   Data          14  config.o(.bss)
    kf_current                               0x200000c0   Data          24  kalman.o(.bss)
    kf_soc                                   0x200000d8   Data          24  kalman.o(.bss)
    vol_                                     0x200000f0   Data          32  sh367309.o(.bss)
    cell_v                                   0x20000110   Data          54  sh367309.o(.bss)
    m_record                                 0x20000148   Data         800  sh367309.o(.bss)
    __initial_sp                             0x200006e0   Data           0  startup_ac1003.o(STACK)



==============================================================================

Memory Map of the image

  Image Entry point : 0x000000c1

  Load Region LR_IROM1 (Base: 0x00000000, Size: 0x00005454, Max: 0x00010000, ABSOLUTE)

    Execution Region ER_IROM1 (Base: 0x00000000, Size: 0x000053bc, Max: 0x00010000, ABSOLUTE)

    Base Addr    Size         Type   Attr      Idx    E Section Name        Object

    0x00000000   0x000000c0   Data   RO           57    RESET               startup_ac1003.o
    0x000000c0   0x00000000   Code   RO         1144  * .ARM.Collect$$$$00000000  mc_p.l(entry.o)
    0x000000c0   0x00000004   Code   RO         1479    .ARM.Collect$$$$00000001  mc_p.l(entry2.o)
    0x000000c4   0x00000004   Code   RO         1482    .ARM.Collect$$$$00000004  mc_p.l(entry5.o)
    0x000000c8   0x00000000   Code   RO         1484    .ARM.Collect$$$$00000008  mc_p.l(entry7b.o)
    0x000000c8   0x00000000   Code   RO         1486    .ARM.Collect$$$$0000000A  mc_p.l(entry8b.o)
    0x000000c8   0x00000008   Code   RO         1487    .ARM.Collect$$$$0000000B  mc_p.l(entry9a.o)
    0x000000d0   0x00000000   Code   RO         1489    .ARM.Collect$$$$0000000D  mc_p.l(entry10a.o)
    0x000000d0   0x00000000   Code   RO         1491    .ARM.Collect$$$$0000000F  mc_p.l(entry11a.o)
    0x000000d0   0x00000004   Code   RO         1480    .ARM.Collect$$$$00002712  mc_p.l(entry2.o)
    0x000000d4   0x0000014c   Code   RO            3    .text               system_ac1003.o
    0x00000220   0x0000001c   Code   RO           58    .text               startup_ac1003.o
    0x0000023c   0x00000218   Code   RO           64    .text               ac1003_adc.o
    0x00000454   0x000000b4   Code   RO          230    .text               ac1003_delay.o
    0x00000508   0x00000052   Code   RO          258    .text               ac1003_exti.o
    0x0000055a   0x00000002   PAD
    0x0000055c   0x000003b0   Code   RO          281    .text               ac1003_flash.o
    0x0000090c   0x000001d8   Code   RO          305    .text               ac1003_gpio.o
    0x00000ae4   0x00000140   Code   RO          328    .text               ac1003_i2c.o
    0x00000c24   0x00000020   Code   RO          348    .text               ac1003_it.o
    0x00000c44   0x00000052   Code   RO          377    .text               ac1003_iwdt.o
    0x00000c96   0x00000002   PAD
    0x00000c98   0x0000041c   Code   RO          518    .text               ac1003_rcc.o
    0x000010b4   0x00000110   Code   RO          609    .text               ac1003_timer.o
    0x000011c4   0x00000318   Code   RO          632    .text               ac1003_uart.o
    0x000014dc   0x00000084   Code   RO          685    .text               ac1003_wwdt.o
    0x00001560   0x00000098   Code   RO          708    .text               misc.o
    0x000015f8   0x00000260   Code   RO          728    .text               main.o
    0x00001858   0x00000208   Code   RO          776    .text               test_uart.o
    0x00001a60   0x00000378   Code   RO          808    .text               test_i2c_master.o
    0x00001dd8   0x000004b4   Code   RO          834    .text               config.o
    0x0000228c   0x00000138   Code   RO          873    .text               kalman.o
    0x000023c4   0x000000c0   Code   RO          904    .text               mgpio.o
    0x00002484   0x00000154   Code   RO          927    .text               sf.o
    0x000025d8   0x000001b0   Code   RO          955    .text               test_adc.o
    0x00002788   0x00000090   Code   RO          981    .text               test_basetime.o
    0x00002818   0x00000138   Code   RO         1007    .text               test_exti.o
    0x00002950   0x000000d0   Code   RO         1033    .text               test_flash.o
    0x00002a20   0x0000008c   Code   RO         1054    .text               test_iwdt .o
    0x00002aac   0x00000064   Code   RO         1077    .text               test_wwdt.o
    0x00002b10   0x00000d54   Code   RO         1104    .text               sh367309.o
    0x00003864   0x0000002c   Code   RO         1147    .text               mc_p.l(uidiv.o)
    0x00003890   0x00000028   Code   RO         1149    .text               mc_p.l(idiv.o)
    0x000038b8   0x00000060   Code   RO         1151    .text               mc_p.l(uldiv.o)
    0x00003918   0x0000007a   Code   RO         1153    .text               mc_p.l(llmul.o)
    0x00003992   0x00000002   PAD
    0x00003994   0x00000078   Code   RO         1155    .text               mc_p.l(localtime.o)
    0x00003a0c   0x00000024   Code   RO         1159    .text               mc_p.l(memcpya.o)
    0x00003a30   0x00000024   Code   RO         1161    .text               mc_p.l(memseta.o)
    0x00003a54   0x000000b2   Code   RO         1426    .text               mf_p.l(fadd.o)
    0x00003b06   0x0000007a   Code   RO         1428    .text               mf_p.l(fmul.o)
    0x00003b80   0x0000007c   Code   RO         1430    .text               mf_p.l(fdiv.o)
    0x00003bfc   0x00000164   Code   RO         1432    .text               mf_p.l(dadd.o)
    0x00003d60   0x000000d0   Code   RO         1434    .text               mf_p.l(dmul.o)
    0x00003e30   0x000000f0   Code   RO         1436    .text               mf_p.l(ddiv.o)
    0x00003f20   0x00000016   Code   RO         1438    .text               mf_p.l(fflti.o)
    0x00003f36   0x0000000e   Code   RO         1440    .text               mf_p.l(ffltui.o)
    0x00003f44   0x00000028   Code   RO         1442    .text               mf_p.l(dflti.o)
    0x00003f6c   0x0000001c   Code   RO         1444    .text               mf_p.l(dfltui.o)
    0x00003f88   0x00000032   Code   RO         1446    .text               mf_p.l(ffixi.o)
    0x00003fba   0x00000028   Code   RO         1448    .text               mf_p.l(ffixui.o)
    0x00003fe2   0x00000002   PAD
    0x00003fe4   0x00000048   Code   RO         1450    .text               mf_p.l(dfixi.o)
    0x0000402c   0x0000003c   Code   RO         1452    .text               mf_p.l(dfixui.o)
    0x00004068   0x00000028   Code   RO         1454    .text               mf_p.l(f2d.o)
    0x00004090   0x00000028   Code   RO         1456    .text               mf_p.l(cdcmple.o)
    0x000040b8   0x00000028   Code   RO         1458    .text               mf_p.l(cdrcmple.o)
    0x000040e0   0x00000038   Code   RO         1460    .text               mf_p.l(d2f.o)
    0x00004118   0x00000020   Code   RO         1494    .text               mc_p.l(llshl.o)
    0x00004138   0x00000022   Code   RO         1496    .text               mc_p.l(llushr.o)
    0x0000415a   0x00000026   Code   RO         1498    .text               mc_p.l(llsshr.o)
    0x00004180   0x00000000   Code   RO         1507    .text               mc_p.l(iusefp.o)
    0x00004180   0x00000082   Code   RO         1508    .text               mf_p.l(fepilogue.o)
    0x00004202   0x000000be   Code   RO         1510    .text               mf_p.l(depilogue.o)
    0x000042c0   0x0000002c   Code   RO         1514    .text               mf_p.l(dscalb.o)
    0x000042ec   0x0000007c   Code   RO         1516    .text               mf_p.l(drnd.o)
    0x00004368   0x00000040   Code   RO         1518    .text               mf_p.l(dfixul.o)
    0x000043a8   0x00000024   Code   RO         1520    .text               mc_p.l(init.o)
    0x000043cc   0x00000020   Code   RO         1398    i.__0printf         mc_p.l(printfa.o)
    0x000043ec   0x0000002e   Code   RO         1512    i.__ARM_clz         mf_p.l(depilogue.o)
    0x0000441a   0x0000001a   Code   RO          944    i.__ARM_common_switch8  sf.o
    0x00004434   0x000000ac   Code   RO         1476    i.__kernel_poly     m_ps.l(poly.o)
    0x000044e0   0x00000014   Code   RO         1462    i.__mathlib_dbl_divzero  m_ps.l(dunder.o)
    0x000044f4   0x0000000a   Code   RO         1463    i.__mathlib_dbl_infnan  m_ps.l(dunder.o)
    0x000044fe   0x00000010   Code   RO         1465    i.__mathlib_dbl_invalid  m_ps.l(dunder.o)
    0x0000450e   0x0000000e   Code   RO         1524    i.__scatterload_copy  mc_p.l(handlers.o)
    0x0000451c   0x00000002   Code   RO         1525    i.__scatterload_null  mc_p.l(handlers.o)
    0x0000451e   0x0000000e   Code   RO         1526    i.__scatterload_zeroinit  mc_p.l(handlers.o)
    0x0000452c   0x0000000c   Code   RO         1502    i.__set_errno       mc_p.l(errno.o)
    0x00004538   0x00000158   Code   RO         1405    i._fp_digits        mc_p.l(printfa.o)
    0x00004690   0x000006ec   Code   RO         1406    i._printf_core      mc_p.l(printfa.o)
    0x00004d7c   0x00000020   Code   RO         1407    i._printf_post_padding  mc_p.l(printfa.o)
    0x00004d9c   0x0000002c   Code   RO         1408    i._printf_pre_padding  mc_p.l(printfa.o)
    0x00004dc8   0x00000354   Code   RO         1133    i.log               m_ps.l(log.o)
    0x0000511c   0x0000009c   Code   RO         1142    i.round             m_ps.l(round.o)
    0x000051b8   0x00000100   Data   RO          633    .constdata          ac1003_uart.o
    0x000052b8   0x0000004d   Data   RO         1106    .constdata          sh367309.o
    0x00005305   0x00000003   PAD
    0x00005308   0x00000038   Data   RO         1134    .constdata          m_ps.l(log.o)
    0x00005340   0x0000000c   Data   RO         1157    .constdata          mc_p.l(localtime.o)
    0x0000534c   0x00000004   PAD
    0x00005350   0x00000008   Data   RO         1478    .constdata          m_ps.l(qnan.o)
    0x00005358   0x00000043   Data   RO          836    .conststring        config.o
    0x0000539b   0x00000001   PAD
    0x0000539c   0x00000020   Data   RO         1522    Region$$Table       anon$$obj.o


    Execution Region RW_IRAM1 (Base: 0x20000000, Size: 0x000006e0, Max: 0x00001000, ABSOLUTE)

    Base Addr    Size         Type   Attr      Idx    E Section Name        Object

    0x20000000   0x0000000c   Data   RW            4    .data               system_ac1003.o
    0x2000000c   0x00000004   Data   RW          231    .data               ac1003_delay.o
    0x20000010   0x00000004   Data   RW          349    .data               ac1003_it.o
    0x20000014   0x00000004   Data   RW          634    .data               ac1003_uart.o
    0x20000018   0x00000003   Data   RW          778    .data               test_uart.o
    0x2000001b   0x00000001   PAD
    0x2000001c   0x0000000c   Data   RW          810    .data               test_i2c_master.o
    0x20000028   0x00000020   Data   RW          837    .data               config.o
    0x20000048   0x00000006   Data   RW          928    .data               sf.o
    0x2000004e   0x00000002   PAD
    0x20000050   0x00000010   Data   RW          956    .data               test_adc.o
    0x20000060   0x00000008   Data   RW          982    .data               test_basetime.o
    0x20000068   0x00000008   Data   RW         1008    .data               test_exti.o
    0x20000070   0x00000004   Data   RW         1055    .data               test_iwdt .o
    0x20000074   0x00000004   Data   RW         1078    .data               test_wwdt.o
    0x20000078   0x00000018   Data   RW         1107    .data               sh367309.o
    0x20000090   0x00000004   Data   RW         1493    .data               mc_p.l(stdout.o)
    0x20000094   0x00000004   Data   RW         1503    .data               mc_p.l(errno.o)
    0x20000098   0x0000001a   Zero   RW          809    .bss                test_i2c_master.o
    0x200000b2   0x0000000e   Zero   RW          835    .bss                config.o
    0x200000c0   0x00000030   Zero   RW          874    .bss                kalman.o
    0x200000f0   0x000003c0   Zero   RW         1105    .bss                sh367309.o
    0x200004b0   0x0000002c   Zero   RW         1156    .bss                mc_p.l(localtime.o)
    0x200004dc   0x00000004   PAD
    0x200004e0   0x00000200   Zero   RW           55    STACK               startup_ac1003.o


==============================================================================

Image component sizes


      Code (inc. data)   RO Data    RW Data    ZI Data      Debug   Object Name

       536          8          0          0          0      16487   ac1003_adc.o
       180         10          0          4          0       2829   ac1003_delay.o
        82          0          0          0          0       1358   ac1003_exti.o
       944         22          0          0          0       9138   ac1003_flash.o
       472         22          0          0          0      18906   ac1003_gpio.o
       320         12          0          0          0       2791   ac1003_i2c.o
        32          4          0          4          0       1705   ac1003_it.o
        82          0          0          0          0       1926   ac1003_iwdt.o
         0          0          0          0          0       5788   ac1003_lpuart.o
      1052         48          0          0          0       7024   ac1003_rcc.o
       272          4          0          0          0       6148   ac1003_timer.o
       792         40        256          4          0       7004   ac1003_uart.o
       132         10          0          0          0       1933   ac1003_wwdt.o
      1204        116         67         32         14       9608   config.o
       312         12          0          0         48       3570   kalman.o
       608         50          0          0          0       2715   main.o
       192         14          0          0          0        803   mgpio.o
       152         22          0          0          0       1485   misc.o
       366         20          0          6          0       1846   sf.o
      3412        836         77         24        960      10630   sh367309.o
        28          8        192          0        512        596   startup_ac1003.o
       332         40          0         12          0      34378   system_ac1003.o
       432         18          0         16          0       1862   test_adc.o
       144         14          0          8          0       1569   test_basetime.o
       312         26          0          8          0       2018   test_exti.o
       208         34          0          0          0       1771   test_flash.o
       888         20          0         12         26       3461   test_i2c_master.o
       140         14          0          4          0       1276   test_iwdt .o
       520         20          0          3          0       4680   test_uart.o
       100         14          0          4          0       1278   test_wwdt.o

    ----------------------------------------------------------------------
     14250       1458        628        144       1560     166583   Object Totals
         0          0         32          0          0          0   (incl. Generated)
         4          0          4          3          0          0   (incl. Padding)

    ----------------------------------------------------------------------

      Code (inc. data)   RO Data    RW Data    ZI Data      Debug   Library Member Name

        46          4          0          0          0        204   dunder.o
       852         62         56          0          0        136   log.o
       172          0          0          0          0         76   poly.o
         0          0          8          0          0          0   qnan.o
       156         14          0          0          0         84   round.o
         0          0          0          0          0          0   entry.o
         0          0          0          0          0          0   entry10a.o
         0          0          0          0          0          0   entry11a.o
         8          4          0          0          0          0   entry2.o
         4          0          0          0          0          0   entry5.o
         0          0          0          0          0          0   entry7b.o
         0          0          0          0          0          0   entry8b.o
         8          4          0          0          0          0   entry9a.o
        12          6          0          4          0         60   errno.o
        30          0          0          0          0          0   handlers.o
        40          0          0          0          0         72   idiv.o
        36          8          0          0          0         68   init.o
         0          0          0          0          0          0   iusefp.o
       122          0          0          0          0         84   llmul.o
        32          0          0          0          0         68   llshl.o
        38          0          0          0          0         68   llsshr.o
        34          0          0          0          0         68   llushr.o
       120         16         12          0         44         72   localtime.o
        36          0          0          0          0         60   memcpya.o
        36          0          0          0          0        100   memseta.o
      2224         98          0          0          0        412   printfa.o
         0          0          0          4          0          0   stdout.o
        44          0          0          0          0         72   uidiv.o
        96          0          0          0          0         84   uldiv.o
        40          2          0          0          0         68   cdcmple.o
        40          2          0          0          0         68   cdrcmple.o
        56          0          0          0          0         68   d2f.o
       356          4          0          0          0        140   dadd.o
       240          6          0          0          0         84   ddiv.o
       236          0          0          0          0        216   depilogue.o
        72         10          0          0          0         72   dfixi.o
        60         10          0          0          0         68   dfixui.o
        64         10          0          0          0         68   dfixul.o
        40          6          0          0          0         68   dflti.o
        28          4          0          0          0         68   dfltui.o
       208          6          0          0          0         88   dmul.o
       124         10          0          0          0         76   drnd.o
        44          0          0          0          0         72   dscalb.o
        40          0          0          0          0         60   f2d.o
       178          0          0          0          0        108   fadd.o
       124          0          0          0          0         72   fdiv.o
       130          0          0          0          0        144   fepilogue.o
        50          0          0          0          0         60   ffixi.o
        40          0          0          0          0         60   ffixui.o
        22          0          0          0          0         68   fflti.o
        14          0          0          0          0         68   ffltui.o
       122          0          0          0          0         72   fmul.o

    ----------------------------------------------------------------------
      6478        286         80          8         48       3724   Library Totals
         4          0          4          0          4          0   (incl. Padding)

    ----------------------------------------------------------------------

      Code (inc. data)   RO Data    RW Data    ZI Data      Debug   Library Name

      1226         80         64          0          0        500   m_ps.l
      2920        136         12          8         44       1288   mc_p.l
      2328         70          0          0          0       1936   mf_p.l

    ----------------------------------------------------------------------
      6478        286         80          8         48       3724   Library Totals

    ----------------------------------------------------------------------

==============================================================================


      Code (inc. data)   RO Data    RW Data    ZI Data      Debug   

     20728       1744        708        152       1608     165031   Grand Totals
     20728       1744        708        152       1608     165031   ELF Image Totals
     20728       1744        708        152          0          0   ROM Totals

==============================================================================

    Total RO  Size (Code + RO Data)                21436 (  20.93kB)
    Total RW  Size (RW Data + ZI Data)              1760 (   1.72kB)
    Total ROM Size (Code + RO Data + RW Data)      21588 (  21.08kB)

==============================================================================

